Release 14.7 - xst P.20131013 (nt64)
Copyright (c) 1995-2013 Xilinx, Inc.  All rights reserved.
--> Parameter TMPDIR set to xst/projnav.tmp


Total REAL time to Xst completion: 0.00 secs
Total CPU time to Xst completion: 0.09 secs
 
--> Parameter xsthdpdir set to xst


Total REAL time to Xst completion: 0.00 secs
Total CPU time to Xst completion: 0.09 secs
 
--> Reading design: ControlUnit.prj

TABLE OF CONTENTS
  1) Synthesis Options Summary
  2) HDL Parsing
  3) HDL Elaboration
  4) HDL Synthesis
       4.1) HDL Synthesis Report
  5) Advanced HDL Synthesis
       5.1) Advanced HDL Synthesis Report
  6) Low Level Synthesis
  7) Partition Report
  8) Design Summary
       8.1) Primitive and Black Box Usage
       8.2) Device utilization summary
       8.3) Partition Resource Summary
       8.4) Timing Report
            8.4.1) Clock Information
            8.4.2) Asynchronous Control Signals Information
            8.4.3) Timing Summary
            8.4.4) Timing Details
            8.4.5) Cross Clock Domains Report


=========================================================================
*                      Synthesis Options Summary                        *
=========================================================================
---- Source Parameters
Input File Name                    : "ControlUnit.prj"
Ignore Synthesis Constraint File   : NO

---- Target Parameters
Output File Name                   : "ControlUnit"
Output Format                      : NGC
Target Device                      : xc7k325t-2-ffg900

---- Source Options
Top Module Name                    : ControlUnit
Automatic FSM Extraction           : YES
FSM Encoding Algorithm             : Auto
Safe Implementation                : No
FSM Style                          : LUT
RAM Extraction                     : Yes
RAM Style                          : Auto
ROM Extraction                     : Yes
Shift Register Extraction          : YES
ROM Style                          : Auto
Resource Sharing                   : YES
Asynchronous To Synchronous        : NO
Shift Register Minimum Size        : 2
Use DSP Block                      : Auto
Automatic Register Balancing       : No

---- Target Options
LUT Combining                      : Auto
Reduce Control Sets                : Auto
Add IO Buffers                     : YES
Global Maximum Fanout              : 100000
Add Generic Clock Buffer(BUFG)     : 32
Register Duplication               : YES
Optimize Instantiated Primitives   : NO
Use Clock Enable                   : Auto
Use Synchronous Set                : Auto
Use Synchronous Reset              : Auto
Pack IO Registers into IOBs        : Auto
Equivalent register Removal        : YES

---- General Options
Optimization Goal                  : Speed
Optimization Effort                : 1
Power Reduction                    : NO
Keep Hierarchy                     : No
Netlist Hierarchy                  : As_Optimized
RTL Output                         : Yes
Global Optimization                : AllClockNets
Read Cores                         : YES
Write Timing Constraints           : NO
Cross Clock Analysis               : NO
Hierarchy Separator                : /
Bus Delimiter                      : <>
Case Specifier                     : Maintain
Slice Utilization Ratio            : 100
BRAM Utilization Ratio             : 100
DSP48 Utilization Ratio            : 100
Auto BRAM Packing                  : NO
Slice Utilization Ratio Delta      : 5

=========================================================================


=========================================================================
*                          HDL Parsing                                  *
=========================================================================
Parsing VHDL file "C:\Users\Nada\Desktop\NADAABOSAADA 211002838\ControlUnit.vhd" into library work
Parsing entity <ControlUnit>.
Parsing architecture <Behavioral> of entity <controlunit>.

=========================================================================
*                            HDL Elaboration                            *
=========================================================================

Elaborating entity <ControlUnit> (architecture <Behavioral>) from library <work>.

=========================================================================
*                           HDL Synthesis                               *
=========================================================================

Synthesizing Unit <ControlUnit>.
    Related source file is "C:\Users\Nada\Desktop\NADAABOSAADA 211002838\ControlUnit.vhd".
WARNING:Xst:737 - Found 1-bit latch for signal <RegDest>. Latches may be generated from incomplete case or if statements. We do not recommend the use of latches in FPGA/CPLD designs, as they may lead to timing problems.
WARNING:Xst:737 - Found 1-bit latch for signal <Branch>. Latches may be generated from incomplete case or if statements. We do not recommend the use of latches in FPGA/CPLD designs, as they may lead to timing problems.
WARNING:Xst:737 - Found 1-bit latch for signal <MemRead>. Latches may be generated from incomplete case or if statements. We do not recommend the use of latches in FPGA/CPLD designs, as they may lead to timing problems.
WARNING:Xst:737 - Found 1-bit latch for signal <MemtoReg>. Latches may be generated from incomplete case or if statements. We do not recommend the use of latches in FPGA/CPLD designs, as they may lead to timing problems.
WARNING:Xst:737 - Found 1-bit latch for signal <AluOp<1>>. Latches may be generated from incomplete case or if statements. We do not recommend the use of latches in FPGA/CPLD designs, as they may lead to timing problems.
WARNING:Xst:737 - Found 1-bit latch for signal <MemWrite>. Latches may be generated from incomplete case or if statements. We do not recommend the use of latches in FPGA/CPLD designs, as they may lead to timing problems.
WARNING:Xst:737 - Found 1-bit latch for signal <AluSrc>. Latches may be generated from incomplete case or if statements. We do not recommend the use of latches in FPGA/CPLD designs, as they may lead to timing problems.
WARNING:Xst:737 - Found 1-bit latch for signal <RegWrite>. Latches may be generated from incomplete case or if statements. We do not recommend the use of latches in FPGA/CPLD designs, as they may lead to timing problems.
    Summary:
	inferred   8 Latch(s).
	inferred   8 Multiplexer(s).
Unit <ControlUnit> synthesized.

=========================================================================
HDL Synthesis Report

Macro Statistics
# Latches                                              : 8
 1-bit latch                                           : 8
# Multiplexers                                         : 8
 1-bit 2-to-1 multiplexer                              : 8

=========================================================================

=========================================================================
*                       Advanced HDL Synthesis                          *
=========================================================================


=========================================================================
Advanced HDL Synthesis Report

Macro Statistics
# Multiplexers                                         : 8
 1-bit 2-to-1 multiplexer                              : 8

=========================================================================

=========================================================================
*                         Low Level Synthesis                           *
=========================================================================
WARNING:Xst:3001 - This design contains one or more registers or latches with an active
   asynchronous set and asynchronous reset. While this circuit can be built,
   it creates a sub-optimal implementation in terms of area, power and
   performance. For a more optimal implementation Xilinx highly recommends
   one of the following:

          1) Remove either the set or reset from all registers and latches if
             not needed for required functionality
          2) Modify the code in order to produce a synchronous set
             and/or reset (both is preferred)
          3) Use the -async_to_sync option to transform the asynchronous
             set/reset to synchronous operation
             (timing simulation highly recommended when using this option)

  Please refer to http://www.xilinx.com search string "Kintex7 asynchronous set/reset" for more details.

  List of register instances with asynchronous set and reset:
    RegWrite in unit <ControlUnit>
    AluSrc in unit <ControlUnit>
    MemWrite in unit <ControlUnit>
    MemRead in unit <ControlUnit>
    Branch in unit <ControlUnit>
    MemtoReg in unit <ControlUnit>
    RegDest in unit <ControlUnit>
    AluOp_1 in unit <ControlUnit>


Optimizing unit <ControlUnit> ...

Mapping all equations...
Building and optimizing final netlist ...
Found area constraint ratio of 100 (+ 5) on block ControlUnit, actual ratio is 0.
Latch Branch has been replicated 1 time(s) to handle iob=true attribute.

Final Macro Processing ...

=========================================================================
Final Register Report

Found no macro
=========================================================================

=========================================================================
*                           Partition Report                            *
=========================================================================

Partition Implementation Status
-------------------------------

  No Partitions were found in this design.

-------------------------------

=========================================================================
*                            Design Summary                             *
=========================================================================

Top Level Output File Name         : ControlUnit.ngc

Primitive and Black Box Usage:
------------------------------
# BELS                             : 29
#      GND                         : 1
#      LUT3                        : 16
#      LUT4                        : 2
#      LUT5                        : 2
#      LUT6                        : 8
# FlipFlops/Latches                : 9
#      LD                          : 9
# IO Buffers                       : 15
#      IBUF                        : 6
#      OBUF                        : 9

Device utilization summary:
---------------------------

Selected Device : 7k325tffg900-2 


Slice Logic Utilization: 
 Number of Slice LUTs:                   28  out of  203800     0%  
    Number used as Logic:                28  out of  203800     0%  

Slice Logic Distribution: 
 Number of LUT Flip Flop pairs used:     28
   Number with an unused Flip Flop:      28  out of     28   100%  
   Number with an unused LUT:             0  out of     28     0%  
   Number of fully used LUT-FF pairs:     0  out of     28     0%  
   Number of unique control sets:         8

IO Utilization: 
 Number of IOs:                          15
 Number of bonded IOBs:                  15  out of    500     3%  
    IOB Flip Flops/Latches:               9

Specific Feature Utilization:

---------------------------
Partition Resource Summary:
---------------------------

  No Partitions were found in this design.

---------------------------


=========================================================================
Timing Report

NOTE: THESE TIMING NUMBERS ARE ONLY A SYNTHESIS ESTIMATE.
      FOR ACCURATE TIMING INFORMATION PLEASE REFER TO THE TRACE REPORT
      GENERATED AFTER PLACE-and-ROUTE.

Clock Information:
------------------
-----------------------------------+------------------------+-------+
Clock Signal                       | Clock buffer(FF name)  | Load  |
-----------------------------------+------------------------+-------+
AluOp_1_G(AluOp_1_G:O)             | NONE(*)(AluOp_1)       | 1     |
RegDest_G(RegDest_G:O)             | NONE(*)(RegDest)       | 1     |
MemtoReg_G(MemtoReg_G:O)           | NONE(*)(MemtoReg)      | 1     |
Branch_G(Branch_G:O)               | NONE(*)(Branch)        | 2     |
MemRead_G(MemRead_G:O)             | NONE(*)(MemRead)       | 1     |
MemWrite_G(MemWrite_G:O)           | NONE(*)(MemWrite)      | 1     |
AluSrc_G(AluSrc_G:O)               | NONE(*)(AluSrc)        | 1     |
RegWrite_G(RegWrite_G:O)           | NONE(*)(RegWrite)      | 1     |
-----------------------------------+------------------------+-------+
(*) These 8 clock signal(s) are generated by combinatorial logic,
and XST is not able to identify which are the primary clock signals.
Please use the CLOCK_SIGNAL constraint to specify the clock signal(s) generated by combinatorial logic.
INFO:Xst:2169 - HDL ADVISOR - Some clock signals were not automatically buffered by XST with BUFG/BUFR resources. Please use the buffer_type constraint in order to insert these buffers to the clock signals to help prevent skew problems.

Asynchronous Control Signals Information:
----------------------------------------
No asynchronous control signals found in this design

Timing Summary:
---------------
Speed Grade: -2

   Minimum period: No path found
   Minimum input arrival time before clock: 1.822ns
   Maximum output required time after clock: 0.669ns
   Maximum combinational path delay: No path found

Timing Details:
---------------
All values displayed in nanoseconds (ns)

=========================================================================
Timing constraint: Default OFFSET IN BEFORE for Clock 'AluOp_1_G'
  Total number of paths / destination ports: 12 / 1
-------------------------------------------------------------------------
Offset:              1.250ns (Levels of Logic = 3)
  Source:            Instruction<4> (PAD)
  Destination:       AluOp_1 (LATCH)
  Destination Clock: AluOp_1_G falling

  Data Path: Instruction<4> to AluOp_1
                                Gate     Net
    Cell:in->out      fanout   Delay   Delay  Logical Name (Net Name)
    ----------------------------------------  ------------
     IBUF:I->O            10   0.000   0.663  Instruction_4_IBUF (Instruction_4_IBUF)
     LUT6:I0->O            2   0.043   0.500  GND_3_o_GND_3_o_AND_10_o1 (GND_3_o_GND_3_o_AND_10_o)
     LUT3:I0->O            1   0.043   0.000  AluOp_1_D (AluOp_1_D)
     LD:D                     -0.034          AluOp_1
    ----------------------------------------
    Total                      1.250ns (0.086ns logic, 1.164ns route)
                                       (6.9% logic, 93.1% route)

=========================================================================
Timing constraint: Default OFFSET IN BEFORE for Clock 'RegDest_G'
  Total number of paths / destination ports: 12 / 1
-------------------------------------------------------------------------
Offset:              1.278ns (Levels of Logic = 3)
  Source:            Instruction<3> (PAD)
  Destination:       RegDest (LATCH)
  Destination Clock: RegDest_G falling

  Data Path: Instruction<3> to RegDest
                                Gate     Net
    Cell:in->out      fanout   Delay   Delay  Logical Name (Net Name)
    ----------------------------------------  ------------
     IBUF:I->O            11   0.000   0.669  Instruction_3_IBUF (Instruction_3_IBUF)
     LUT6:I0->O            6   0.043   0.523  GND_3_o_GND_3_o_AND_2_o1 (GND_3_o_GND_3_o_AND_2_o)
     LUT3:I0->O            1   0.043   0.000  RegDest_D (RegDest_D)
     LD:D                     -0.034          RegDest
    ----------------------------------------
    Total                      1.278ns (0.086ns logic, 1.192ns route)
                                       (6.7% logic, 93.3% route)

=========================================================================
Timing constraint: Default OFFSET IN BEFORE for Clock 'MemtoReg_G'
  Total number of paths / destination ports: 12 / 1
-------------------------------------------------------------------------
Offset:              1.278ns (Levels of Logic = 3)
  Source:            Instruction<2> (PAD)
  Destination:       MemtoReg (LATCH)
  Destination Clock: MemtoReg_G falling

  Data Path: Instruction<2> to MemtoReg
                                Gate     Net
    Cell:in->out      fanout   Delay   Delay  Logical Name (Net Name)
    ----------------------------------------  ------------
     IBUF:I->O            11   0.000   0.669  Instruction_2_IBUF (Instruction_2_IBUF)
     LUT6:I0->O            6   0.043   0.523  GND_3_o_GND_3_o_AND_9_o1 (GND_3_o_GND_3_o_AND_9_o)
     LUT3:I0->O            1   0.043   0.000  MemtoReg_D (MemtoReg_D)
     LD:D                     -0.034          MemtoReg
    ----------------------------------------
    Total                      1.278ns (0.086ns logic, 1.192ns route)
                                       (6.7% logic, 93.3% route)

=========================================================================
Timing constraint: Default OFFSET IN BEFORE for Clock 'Branch_G'
  Total number of paths / destination ports: 24 / 2
-------------------------------------------------------------------------
Offset:              1.256ns (Levels of Logic = 3)
  Source:            Instruction<2> (PAD)
  Destination:       Branch (LATCH)
  Destination Clock: Branch_G falling

  Data Path: Instruction<2> to Branch
                                Gate     Net
    Cell:in->out      fanout   Delay   Delay  Logical Name (Net Name)
    ----------------------------------------  ------------
     IBUF:I->O            11   0.000   0.669  Instruction_2_IBUF (Instruction_2_IBUF)
     LUT6:I0->O            2   0.043   0.500  GND_3_o_PWR_3_o_AND_4_o1 (GND_3_o_PWR_3_o_AND_4_o)
     LUT3:I0->O            2   0.043   0.000  Branch_D (Branch_D)
     LD:D                     -0.034          Branch
    ----------------------------------------
    Total                      1.256ns (0.086ns logic, 1.170ns route)
                                       (6.8% logic, 93.2% route)

=========================================================================
Timing constraint: Default OFFSET IN BEFORE for Clock 'MemRead_G'
  Total number of paths / destination ports: 12 / 1
-------------------------------------------------------------------------
Offset:              1.250ns (Levels of Logic = 3)
  Source:            Instruction<4> (PAD)
  Destination:       MemRead (LATCH)
  Destination Clock: MemRead_G falling

  Data Path: Instruction<4> to MemRead
                                Gate     Net
    Cell:in->out      fanout   Delay   Delay  Logical Name (Net Name)
    ----------------------------------------  ------------
     IBUF:I->O            10   0.000   0.663  Instruction_4_IBUF (Instruction_4_IBUF)
     LUT6:I0->O            2   0.043   0.500  GND_3_o_GND_3_o_AND_6_o1 (GND_3_o_GND_3_o_AND_6_o)
     LUT3:I0->O            1   0.043   0.000  MemRead_D (MemRead_D)
     LD:D                     -0.034          MemRead
    ----------------------------------------
    Total                      1.250ns (0.086ns logic, 1.164ns route)
                                       (6.9% logic, 93.1% route)

=========================================================================
Timing constraint: Default OFFSET IN BEFORE for Clock 'MemWrite_G'
  Total number of paths / destination ports: 12 / 1
-------------------------------------------------------------------------
Offset:              1.256ns (Levels of Logic = 3)
  Source:            Instruction<3> (PAD)
  Destination:       MemWrite (LATCH)
  Destination Clock: MemWrite_G falling

  Data Path: Instruction<3> to MemWrite
                                Gate     Net
    Cell:in->out      fanout   Delay   Delay  Logical Name (Net Name)
    ----------------------------------------  ------------
     IBUF:I->O            11   0.000   0.669  Instruction_3_IBUF (Instruction_3_IBUF)
     LUT6:I0->O            2   0.043   0.500  GND_3_o_GND_3_o_AND_14_o1 (GND_3_o_GND_3_o_AND_14_o)
     LUT3:I0->O            1   0.043   0.000  MemWrite_D (MemWrite_D)
     LD:D                     -0.034          MemWrite
    ----------------------------------------
    Total                      1.256ns (0.086ns logic, 1.170ns route)
                                       (6.8% logic, 93.2% route)

=========================================================================
Timing constraint: Default OFFSET IN BEFORE for Clock 'AluSrc_G'
  Total number of paths / destination ports: 10 / 1
-------------------------------------------------------------------------
Offset:              1.257ns (Levels of Logic = 3)
  Source:            Instruction<3> (PAD)
  Destination:       AluSrc (LATCH)
  Destination Clock: AluSrc_G falling

  Data Path: Instruction<3> to AluSrc
                                Gate     Net
    Cell:in->out      fanout   Delay   Delay  Logical Name (Net Name)
    ----------------------------------------  ------------
     IBUF:I->O            11   0.000   0.659  Instruction_3_IBUF (Instruction_3_IBUF)
     LUT5:I0->O            4   0.043   0.512  GND_3_o_GND_3_o_AND_9_o11 (GND_3_o_GND_3_o_AND_9_o1)
     LUT3:I0->O            1   0.043   0.000  AluSrc_D (AluSrc_D)
     LD:D                     -0.034          AluSrc
    ----------------------------------------
    Total                      1.257ns (0.086ns logic, 1.171ns route)
                                       (6.8% logic, 93.2% route)

=========================================================================
Timing constraint: Default OFFSET IN BEFORE for Clock 'RegWrite_G'
  Total number of paths / destination ports: 24 / 1
-------------------------------------------------------------------------
Offset:              1.822ns (Levels of Logic = 4)
  Source:            Instruction<4> (PAD)
  Destination:       RegWrite (LATCH)
  Destination Clock: RegWrite_G falling

  Data Path: Instruction<4> to RegWrite
                                Gate     Net
    Cell:in->out      fanout   Delay   Delay  Logical Name (Net Name)
    ----------------------------------------  ------------
     IBUF:I->O            10   0.000   0.653  Instruction_4_IBUF (Instruction_4_IBUF)
     LUT5:I0->O            4   0.043   0.539  GND_3_o_GND_3_o_AND_17_o11 (GND_3_o_GND_3_o_AND_17_o1)
     LUT4:I0->O            2   0.043   0.500  GND_3_o_GND_3_o_AND_18_o1 (GND_3_o_GND_3_o_AND_18_o)
     LUT3:I0->O            1   0.043   0.000  RegWrite_D (RegWrite_D)
     LD:D                     -0.034          RegWrite
    ----------------------------------------
    Total                      1.822ns (0.129ns logic, 1.693ns route)
                                       (7.1% logic, 92.9% route)

=========================================================================
Timing constraint: Default OFFSET OUT AFTER for Clock 'AluOp_1_G'
  Total number of paths / destination ports: 1 / 1
-------------------------------------------------------------------------
Offset:              0.669ns (Levels of Logic = 1)
  Source:            AluOp_1 (LATCH)
  Destination:       AluOp<1> (PAD)
  Source Clock:      AluOp_1_G falling

  Data Path: AluOp_1 to AluOp<1>
                                Gate     Net
    Cell:in->out      fanout   Delay   Delay  Logical Name (Net Name)
    ----------------------------------------  ------------
     LD:G->Q               1   0.330   0.339  AluOp_1 (AluOp_1)
     OBUF:I->O                 0.000          AluOp_1_OBUF (AluOp<1>)
    ----------------------------------------
    Total                      0.669ns (0.330ns logic, 0.339ns route)
                                       (49.3% logic, 50.7% route)

=========================================================================
Timing constraint: Default OFFSET OUT AFTER for Clock 'Branch_G'
  Total number of paths / destination ports: 2 / 2
-------------------------------------------------------------------------
Offset:              0.669ns (Levels of Logic = 1)
  Source:            Branch_1 (LATCH)
  Destination:       AluOp<0> (PAD)
  Source Clock:      Branch_G falling

  Data Path: Branch_1 to AluOp<0>
                                Gate     Net
    Cell:in->out      fanout   Delay   Delay  Logical Name (Net Name)
    ----------------------------------------  ------------
     LD:G->Q               1   0.330   0.339  Branch_1 (Branch_1)
     OBUF:I->O                 0.000          AluOp_0_OBUF (AluOp<0>)
    ----------------------------------------
    Total                      0.669ns (0.330ns logic, 0.339ns route)
                                       (49.3% logic, 50.7% route)

=========================================================================
Timing constraint: Default OFFSET OUT AFTER for Clock 'RegDest_G'
  Total number of paths / destination ports: 1 / 1
-------------------------------------------------------------------------
Offset:              0.669ns (Levels of Logic = 1)
  Source:            RegDest (LATCH)
  Destination:       RegDest (PAD)
  Source Clock:      RegDest_G falling

  Data Path: RegDest to RegDest
                                Gate     Net
    Cell:in->out      fanout   Delay   Delay  Logical Name (Net Name)
    ----------------------------------------  ------------
     LD:G->Q               1   0.330   0.339  RegDest (RegDest_OBUF)
     OBUF:I->O                 0.000          RegDest_OBUF (RegDest)
    ----------------------------------------
    Total                      0.669ns (0.330ns logic, 0.339ns route)
                                       (49.3% logic, 50.7% route)

=========================================================================
Timing constraint: Default OFFSET OUT AFTER for Clock 'MemRead_G'
  Total number of paths / destination ports: 1 / 1
-------------------------------------------------------------------------
Offset:              0.669ns (Levels of Logic = 1)
  Source:            MemRead (LATCH)
  Destination:       MemRead (PAD)
  Source Clock:      MemRead_G falling

  Data Path: MemRead to MemRead
                                Gate     Net
    Cell:in->out      fanout   Delay   Delay  Logical Name (Net Name)
    ----------------------------------------  ------------
     LD:G->Q               1   0.330   0.339  MemRead (MemRead_OBUF)
     OBUF:I->O                 0.000          MemRead_OBUF (MemRead)
    ----------------------------------------
    Total                      0.669ns (0.330ns logic, 0.339ns route)
                                       (49.3% logic, 50.7% route)

=========================================================================
Timing constraint: Default OFFSET OUT AFTER for Clock 'MemtoReg_G'
  Total number of paths / destination ports: 1 / 1
-------------------------------------------------------------------------
Offset:              0.669ns (Levels of Logic = 1)
  Source:            MemtoReg (LATCH)
  Destination:       MemtoReg (PAD)
  Source Clock:      MemtoReg_G falling

  Data Path: MemtoReg to MemtoReg
                                Gate     Net
    Cell:in->out      fanout   Delay   Delay  Logical Name (Net Name)
    ----------------------------------------  ------------
     LD:G->Q               1   0.330   0.339  MemtoReg (MemtoReg_OBUF)
     OBUF:I->O                 0.000          MemtoReg_OBUF (MemtoReg)
    ----------------------------------------
    Total                      0.669ns (0.330ns logic, 0.339ns route)
                                       (49.3% logic, 50.7% route)

=========================================================================
Timing constraint: Default OFFSET OUT AFTER for Clock 'MemWrite_G'
  Total number of paths / destination ports: 1 / 1
-------------------------------------------------------------------------
Offset:              0.669ns (Levels of Logic = 1)
  Source:            MemWrite (LATCH)
  Destination:       MemWrite (PAD)
  Source Clock:      MemWrite_G falling

  Data Path: MemWrite to MemWrite
                                Gate     Net
    Cell:in->out      fanout   Delay   Delay  Logical Name (Net Name)
    ----------------------------------------  ------------
     LD:G->Q               1   0.330   0.339  MemWrite (MemWrite_OBUF)
     OBUF:I->O                 0.000          MemWrite_OBUF (MemWrite)
    ----------------------------------------
    Total                      0.669ns (0.330ns logic, 0.339ns route)
                                       (49.3% logic, 50.7% route)

=========================================================================
Timing constraint: Default OFFSET OUT AFTER for Clock 'AluSrc_G'
  Total number of paths / destination ports: 1 / 1
-------------------------------------------------------------------------
Offset:              0.669ns (Levels of Logic = 1)
  Source:            AluSrc (LATCH)
  Destination:       AluSrc (PAD)
  Source Clock:      AluSrc_G falling

  Data Path: AluSrc to AluSrc
                                Gate     Net
    Cell:in->out      fanout   Delay   Delay  Logical Name (Net Name)
    ----------------------------------------  ------------
     LD:G->Q               1   0.330   0.339  AluSrc (AluSrc_OBUF)
     OBUF:I->O                 0.000          AluSrc_OBUF (AluSrc)
    ----------------------------------------
    Total                      0.669ns (0.330ns logic, 0.339ns route)
                                       (49.3% logic, 50.7% route)

=========================================================================
Timing constraint: Default OFFSET OUT AFTER for Clock 'RegWrite_G'
  Total number of paths / destination ports: 1 / 1
-------------------------------------------------------------------------
Offset:              0.669ns (Levels of Logic = 1)
  Source:            RegWrite (LATCH)
  Destination:       RegWrite (PAD)
  Source Clock:      RegWrite_G falling

  Data Path: RegWrite to RegWrite
                                Gate     Net
    Cell:in->out      fanout   Delay   Delay  Logical Name (Net Name)
    ----------------------------------------  ------------
     LD:G->Q               1   0.330   0.339  RegWrite (RegWrite_OBUF)
     OBUF:I->O                 0.000          RegWrite_OBUF (RegWrite)
    ----------------------------------------
    Total                      0.669ns (0.330ns logic, 0.339ns route)
                                       (49.3% logic, 50.7% route)

=========================================================================

Cross Clock Domains Report:
--------------------------

=========================================================================


Total REAL time to Xst completion: 9.00 secs
Total CPU time to Xst completion: 9.08 secs
 
--> 

Total memory usage is 4586420 kilobytes

Number of errors   :    0 (   0 filtered)
Number of warnings :    9 (   0 filtered)
Number of infos    :    1 (   0 filtered)

